../app/hw.c:20:6:hw_timer_start	16	static
../app/hw.c:24:6:hw_set_timer	24	static
../app/hw.c:29:6:hw_set_debouncing_timer	24	static
../app/hw.c:35:6:HAL_TIM_PeriodElapsedCallback	16	static
../app/hw.c:49:6:HAL_GPIO_EXTI_Callback	16	static
../app/hw.c:58:6:hw_button_state_get	16	static
../app/hw.c:66:6:hw_led_toggle	8	static
../app/hw.c:70:6:hw_led_state_set	24	static
../app/hw.c:75:6:hw_delay_ms	16	static
../app/hw.c:79:6:hw_cpu_sleep	4	static,ignoring_inline_asm
../app/hw.c:83:10:hw_tick_ms_get	8	static
